// Jest Snapshot v1, https://goo.gl/fbAQLP

exports[`sholud render ExpenseLit with empty message 1`] = `
<div>
  <p>
    No expenses
  </p>
</div>
`;

exports[`should render ExpenseList with expenses 1`] = `
<div>
  <ExpenseListItem
    amount={500}
    createdAt={0}
    description="Gum"
    id="1"
    key="1"
    note=""
  />
  <ExpenseListItem
    amount={1200}
    createdAt={-345600000}
    description="Bread"
    id="2"
    key="2"
    note=""
  />
  <ExpenseListItem
    amount={1500}
    createdAt={345600000}
    description="Cookies"
    id="3"
    key="3"
    note=""
  />
</div>
`;
